Archive member included to satisfy reference by file (symbol)

/usr/bin/../lib/gcc/arm-none-eabi/7.3.1/../../../../arm-none-eabi/lib/thumb/v7e-m/fpv4-sp/hard/libg.a(lib_a-exit.o)
                              /usr/bin/../lib/gcc/arm-none-eabi/7.3.1/../../../../arm-none-eabi/lib/thumb/v7e-m/fpv4-sp/hard/crt0.o (exit)
/usr/bin/../lib/gcc/arm-none-eabi/7.3.1/../../../../arm-none-eabi/lib/thumb/v7e-m/fpv4-sp/hard/libg.a(lib_a-impure.o)
                              /usr/bin/../lib/gcc/arm-none-eabi/7.3.1/../../../../arm-none-eabi/lib/thumb/v7e-m/fpv4-sp/hard/libg.a(lib_a-exit.o) (_global_impure_ptr)
/usr/bin/../lib/gcc/arm-none-eabi/7.3.1/../../../../arm-none-eabi/lib/thumb/v7e-m/fpv4-sp/hard/libg.a(lib_a-init.o)
                              /usr/bin/../lib/gcc/arm-none-eabi/7.3.1/../../../../arm-none-eabi/lib/thumb/v7e-m/fpv4-sp/hard/crt0.o (__libc_init_array)
/usr/bin/../lib/gcc/arm-none-eabi/7.3.1/../../../../arm-none-eabi/lib/thumb/v7e-m/fpv4-sp/hard/libg.a(lib_a-memset.o)
                              /usr/bin/../lib/gcc/arm-none-eabi/7.3.1/../../../../arm-none-eabi/lib/thumb/v7e-m/fpv4-sp/hard/crt0.o (memset)
/usr/bin/../lib/gcc/arm-none-eabi/7.3.1/../../../../arm-none-eabi/lib/thumb/v7e-m/fpv4-sp/hard/libg.a(lib_a-__call_atexit.o)
                              /usr/bin/../lib/gcc/arm-none-eabi/7.3.1/../../../../arm-none-eabi/lib/thumb/v7e-m/fpv4-sp/hard/libg.a(lib_a-exit.o) (__call_exitprocs)
/usr/bin/../lib/gcc/arm-none-eabi/7.3.1/../../../../arm-none-eabi/lib/thumb/v7e-m/fpv4-sp/hard/libg.a(lib_a-atexit.o)
                              /usr/bin/../lib/gcc/arm-none-eabi/7.3.1/../../../../arm-none-eabi/lib/thumb/v7e-m/fpv4-sp/hard/libg.a(lib_a-__call_atexit.o) (atexit)
/usr/bin/../lib/gcc/arm-none-eabi/7.3.1/../../../../arm-none-eabi/lib/thumb/v7e-m/fpv4-sp/hard/libg.a(lib_a-fini.o)
                              /usr/bin/../lib/gcc/arm-none-eabi/7.3.1/../../../../arm-none-eabi/lib/thumb/v7e-m/fpv4-sp/hard/libg.a(lib_a-__call_atexit.o) (__libc_fini_array)
/usr/bin/../lib/gcc/arm-none-eabi/7.3.1/../../../../arm-none-eabi/lib/thumb/v7e-m/fpv4-sp/hard/libg.a(lib_a-lock.o)
                              /usr/bin/../lib/gcc/arm-none-eabi/7.3.1/../../../../arm-none-eabi/lib/thumb/v7e-m/fpv4-sp/hard/libg.a(lib_a-__call_atexit.o) (__retarget_lock_acquire_recursive)
/usr/bin/../lib/gcc/arm-none-eabi/7.3.1/../../../../arm-none-eabi/lib/thumb/v7e-m/fpv4-sp/hard/libg.a(lib_a-__atexit.o)
                              /usr/bin/../lib/gcc/arm-none-eabi/7.3.1/../../../../arm-none-eabi/lib/thumb/v7e-m/fpv4-sp/hard/libg.a(lib_a-atexit.o) (__register_exitproc)
/usr/bin/../lib/gcc/arm-none-eabi/7.3.1/../../../../arm-none-eabi/lib/thumb/v7e-m/fpv4-sp/hard/libnosys.a(_exit.o)
                              /usr/bin/../lib/gcc/arm-none-eabi/7.3.1/../../../../arm-none-eabi/lib/thumb/v7e-m/fpv4-sp/hard/libg.a(lib_a-exit.o) (_exit)

Allocating common symbols
Common symbol       size              file

__lock___atexit_recursive_mutex
                    0x1               /usr/bin/../lib/gcc/arm-none-eabi/7.3.1/../../../../arm-none-eabi/lib/thumb/v7e-m/fpv4-sp/hard/libg.a(lib_a-lock.o)
__lock___arc4random_mutex
                    0x1               /usr/bin/../lib/gcc/arm-none-eabi/7.3.1/../../../../arm-none-eabi/lib/thumb/v7e-m/fpv4-sp/hard/libg.a(lib_a-lock.o)
__lock___env_recursive_mutex
                    0x1               /usr/bin/../lib/gcc/arm-none-eabi/7.3.1/../../../../arm-none-eabi/lib/thumb/v7e-m/fpv4-sp/hard/libg.a(lib_a-lock.o)
__lock___sinit_recursive_mutex
                    0x1               /usr/bin/../lib/gcc/arm-none-eabi/7.3.1/../../../../arm-none-eabi/lib/thumb/v7e-m/fpv4-sp/hard/libg.a(lib_a-lock.o)
__lock___malloc_recursive_mutex
                    0x1               /usr/bin/../lib/gcc/arm-none-eabi/7.3.1/../../../../arm-none-eabi/lib/thumb/v7e-m/fpv4-sp/hard/libg.a(lib_a-lock.o)
buffer              0xa               main.o
__lock___at_quick_exit_mutex
                    0x1               /usr/bin/../lib/gcc/arm-none-eabi/7.3.1/../../../../arm-none-eabi/lib/thumb/v7e-m/fpv4-sp/hard/libg.a(lib_a-lock.o)
__lock___dd_hash_mutex
                    0x1               /usr/bin/../lib/gcc/arm-none-eabi/7.3.1/../../../../arm-none-eabi/lib/thumb/v7e-m/fpv4-sp/hard/libg.a(lib_a-lock.o)
__lock___tz_mutex   0x1               /usr/bin/../lib/gcc/arm-none-eabi/7.3.1/../../../../arm-none-eabi/lib/thumb/v7e-m/fpv4-sp/hard/libg.a(lib_a-lock.o)
__lock___sfp_recursive_mutex
                    0x1               /usr/bin/../lib/gcc/arm-none-eabi/7.3.1/../../../../arm-none-eabi/lib/thumb/v7e-m/fpv4-sp/hard/libg.a(lib_a-lock.o)

Memory Configuration

Name             Origin             Length             Attributes
MAIN_FLASH       0x0000000000000000 0x0000000000040000 xr
INFO_FLASH       0x0000000000200000 0x0000000000004000 xr
SRAM_CODE        0x0000000001000000 0x0000000000010000 xrw
SRAM_DATA        0x0000000020000000 0x0000000000010000 rw
*default*        0x0000000000000000 0xffffffffffffffff

Linker script and memory map

LOAD /usr/bin/../lib/gcc/arm-none-eabi/7.3.1/thumb/v7e-m/fpv4-sp/hard/crti.o
LOAD /usr/bin/../lib/gcc/arm-none-eabi/7.3.1/thumb/v7e-m/fpv4-sp/hard/crtbegin.o
LOAD /usr/bin/../lib/gcc/arm-none-eabi/7.3.1/../../../../arm-none-eabi/lib/thumb/v7e-m/fpv4-sp/hard/crt0.o
LOAD interrupts_msp432p401r_gcc.o
LOAD main.o
LOAD memory.o
LOAD startup_msp432p401r_gcc.o
LOAD system_msp432p401r.o
START GROUP
LOAD /usr/bin/../lib/gcc/arm-none-eabi/7.3.1/thumb/v7e-m/fpv4-sp/hard/libgcc.a
LOAD /usr/bin/../lib/gcc/arm-none-eabi/7.3.1/../../../../arm-none-eabi/lib/thumb/v7e-m/fpv4-sp/hard/libg.a
LOAD /usr/bin/../lib/gcc/arm-none-eabi/7.3.1/../../../../arm-none-eabi/lib/thumb/v7e-m/fpv4-sp/hard/libc.a
END GROUP
START GROUP
LOAD /usr/bin/../lib/gcc/arm-none-eabi/7.3.1/thumb/v7e-m/fpv4-sp/hard/libgcc.a
LOAD /usr/bin/../lib/gcc/arm-none-eabi/7.3.1/../../../../arm-none-eabi/lib/thumb/v7e-m/fpv4-sp/hard/libc.a
LOAD /usr/bin/../lib/gcc/arm-none-eabi/7.3.1/../../../../arm-none-eabi/lib/thumb/v7e-m/fpv4-sp/hard/libnosys.a
END GROUP
LOAD /usr/bin/../lib/gcc/arm-none-eabi/7.3.1/thumb/v7e-m/fpv4-sp/hard/crtend.o
LOAD /usr/bin/../lib/gcc/arm-none-eabi/7.3.1/thumb/v7e-m/fpv4-sp/hard/crtn.o
                0x0000000000000000                PROVIDE (_intvecs_base_address = DEFINED (_intvecs_base_address)?_intvecs_base_address:0x0)

.intvecs        0x0000000000000000      0x140
 *(.intvecs)
 .intvecs       0x0000000000000000      0x140 startup_msp432p401r_gcc.o
                0x0000000000000000                interruptVectors
                0x0000000000200000                PROVIDE (_mailbox_base_address = 0x200000)

.flashMailbox
 *(.flashMailbox)
                0x0000000000201000                PROVIDE (_tlv_base_address = 0x201000)

.tlvTable
 *(.tlvTable)
                0x0000000000202000                PROVIDE (_bsl_base_address = 0x202000)

.bslArea
 *(.bslArea)
                0x0000000020000000                PROVIDE (_vtable_base_address = DEFINED (_vtable_base_address)?_vtable_base_address:0x20000000)

.vtable
 *(.vtable)

.text           0x0000000000000140      0x8d0
 CREATE_OBJECT_SYMBOLS
 *(.text)
 .text          0x0000000000000140        0x0 /usr/bin/../lib/gcc/arm-none-eabi/7.3.1/thumb/v7e-m/fpv4-sp/hard/crti.o
 .text          0x0000000000000140       0x40 /usr/bin/../lib/gcc/arm-none-eabi/7.3.1/thumb/v7e-m/fpv4-sp/hard/crtbegin.o
 .text          0x0000000000000180       0x74 /usr/bin/../lib/gcc/arm-none-eabi/7.3.1/../../../../arm-none-eabi/lib/thumb/v7e-m/fpv4-sp/hard/crt0.o
                0x0000000000000180                _mainCRTStartup
                0x0000000000000180                _start
 .text          0x00000000000001f4        0x0 interrupts_msp432p401r_gcc.o
 .text          0x00000000000001f4       0xb4 main.o
                0x00000000000001f4                main
 .text          0x00000000000002a8       0xb0 memory.o
                0x00000000000002a8                set_value
                0x00000000000002cc                clear_value
                0x00000000000002e8                get_value
                0x0000000000000306                set_all
                0x000000000000033c                clear_all
 .text          0x0000000000000358        0x0 startup_msp432p401r_gcc.o
 .text          0x0000000000000358      0x370 system_msp432p401r.o
                0x0000000000000358                SystemCoreClockUpdate
                0x0000000000000648                SystemInit
 .text          0x00000000000006c8        0x0 /usr/bin/../lib/gcc/arm-none-eabi/7.3.1/../../../../arm-none-eabi/lib/thumb/v7e-m/fpv4-sp/hard/libg.a(lib_a-exit.o)
 .text          0x00000000000006c8        0x0 /usr/bin/../lib/gcc/arm-none-eabi/7.3.1/../../../../arm-none-eabi/lib/thumb/v7e-m/fpv4-sp/hard/libg.a(lib_a-impure.o)
 .text          0x00000000000006c8        0x0 /usr/bin/../lib/gcc/arm-none-eabi/7.3.1/../../../../arm-none-eabi/lib/thumb/v7e-m/fpv4-sp/hard/libg.a(lib_a-init.o)
 .text          0x00000000000006c8        0x0 /usr/bin/../lib/gcc/arm-none-eabi/7.3.1/../../../../arm-none-eabi/lib/thumb/v7e-m/fpv4-sp/hard/libg.a(lib_a-memset.o)
 .text          0x00000000000006c8        0x0 /usr/bin/../lib/gcc/arm-none-eabi/7.3.1/../../../../arm-none-eabi/lib/thumb/v7e-m/fpv4-sp/hard/libg.a(lib_a-__call_atexit.o)
 .text          0x00000000000006c8        0x0 /usr/bin/../lib/gcc/arm-none-eabi/7.3.1/../../../../arm-none-eabi/lib/thumb/v7e-m/fpv4-sp/hard/libg.a(lib_a-atexit.o)
 .text          0x00000000000006c8        0x0 /usr/bin/../lib/gcc/arm-none-eabi/7.3.1/../../../../arm-none-eabi/lib/thumb/v7e-m/fpv4-sp/hard/libg.a(lib_a-fini.o)
 .text          0x00000000000006c8        0x0 /usr/bin/../lib/gcc/arm-none-eabi/7.3.1/../../../../arm-none-eabi/lib/thumb/v7e-m/fpv4-sp/hard/libg.a(lib_a-lock.o)
 .text          0x00000000000006c8        0x0 /usr/bin/../lib/gcc/arm-none-eabi/7.3.1/../../../../arm-none-eabi/lib/thumb/v7e-m/fpv4-sp/hard/libg.a(lib_a-__atexit.o)
 .text          0x00000000000006c8        0x0 /usr/bin/../lib/gcc/arm-none-eabi/7.3.1/../../../../arm-none-eabi/lib/thumb/v7e-m/fpv4-sp/hard/libnosys.a(_exit.o)
 .text          0x00000000000006c8        0x0 /usr/bin/../lib/gcc/arm-none-eabi/7.3.1/thumb/v7e-m/fpv4-sp/hard/crtend.o
 .text          0x00000000000006c8        0x0 /usr/bin/../lib/gcc/arm-none-eabi/7.3.1/thumb/v7e-m/fpv4-sp/hard/crtn.o
 *(.text.*)
 .text.exit     0x00000000000006c8       0x20 /usr/bin/../lib/gcc/arm-none-eabi/7.3.1/../../../../arm-none-eabi/lib/thumb/v7e-m/fpv4-sp/hard/libg.a(lib_a-exit.o)
                0x00000000000006c8                exit
 .text.__libc_init_array
                0x00000000000006e8       0x48 /usr/bin/../lib/gcc/arm-none-eabi/7.3.1/../../../../arm-none-eabi/lib/thumb/v7e-m/fpv4-sp/hard/libg.a(lib_a-init.o)
                0x00000000000006e8                __libc_init_array
 .text.memset   0x0000000000000730       0x94 /usr/bin/../lib/gcc/arm-none-eabi/7.3.1/../../../../arm-none-eabi/lib/thumb/v7e-m/fpv4-sp/hard/libg.a(lib_a-memset.o)
                0x0000000000000730                memset
 .text.startup.register_fini
                0x00000000000007c4       0x14 /usr/bin/../lib/gcc/arm-none-eabi/7.3.1/../../../../arm-none-eabi/lib/thumb/v7e-m/fpv4-sp/hard/libg.a(lib_a-__call_atexit.o)
 .text.__call_exitprocs
                0x00000000000007d8       0xe8 /usr/bin/../lib/gcc/arm-none-eabi/7.3.1/../../../../arm-none-eabi/lib/thumb/v7e-m/fpv4-sp/hard/libg.a(lib_a-__call_atexit.o)
                0x00000000000007d8                __call_exitprocs
 .text.atexit   0x00000000000008c0        0xc /usr/bin/../lib/gcc/arm-none-eabi/7.3.1/../../../../arm-none-eabi/lib/thumb/v7e-m/fpv4-sp/hard/libg.a(lib_a-atexit.o)
                0x00000000000008c0                atexit
 .text.__libc_fini_array
                0x00000000000008cc       0x34 /usr/bin/../lib/gcc/arm-none-eabi/7.3.1/../../../../arm-none-eabi/lib/thumb/v7e-m/fpv4-sp/hard/libg.a(lib_a-fini.o)
                0x00000000000008cc                __libc_fini_array
 .text.__retarget_lock_init
                0x0000000000000900        0x4 /usr/bin/../lib/gcc/arm-none-eabi/7.3.1/../../../../arm-none-eabi/lib/thumb/v7e-m/fpv4-sp/hard/libg.a(lib_a-lock.o)
                0x0000000000000900                __retarget_lock_init
 .text.__retarget_lock_init_recursive
                0x0000000000000904        0x4 /usr/bin/../lib/gcc/arm-none-eabi/7.3.1/../../../../arm-none-eabi/lib/thumb/v7e-m/fpv4-sp/hard/libg.a(lib_a-lock.o)
                0x0000000000000904                __retarget_lock_init_recursive
 .text.__retarget_lock_close
                0x0000000000000908        0x4 /usr/bin/../lib/gcc/arm-none-eabi/7.3.1/../../../../arm-none-eabi/lib/thumb/v7e-m/fpv4-sp/hard/libg.a(lib_a-lock.o)
                0x0000000000000908                __retarget_lock_close
 .text.__retarget_lock_close_recursive
                0x000000000000090c        0x4 /usr/bin/../lib/gcc/arm-none-eabi/7.3.1/../../../../arm-none-eabi/lib/thumb/v7e-m/fpv4-sp/hard/libg.a(lib_a-lock.o)
                0x000000000000090c                __retarget_lock_close_recursive
 .text.__retarget_lock_acquire
                0x0000000000000910        0x4 /usr/bin/../lib/gcc/arm-none-eabi/7.3.1/../../../../arm-none-eabi/lib/thumb/v7e-m/fpv4-sp/hard/libg.a(lib_a-lock.o)
                0x0000000000000910                __retarget_lock_acquire
 .text.__retarget_lock_acquire_recursive
                0x0000000000000914        0x4 /usr/bin/../lib/gcc/arm-none-eabi/7.3.1/../../../../arm-none-eabi/lib/thumb/v7e-m/fpv4-sp/hard/libg.a(lib_a-lock.o)
                0x0000000000000914                __retarget_lock_acquire_recursive
 .text.__retarget_lock_try_acquire
                0x0000000000000918        0x4 /usr/bin/../lib/gcc/arm-none-eabi/7.3.1/../../../../arm-none-eabi/lib/thumb/v7e-m/fpv4-sp/hard/libg.a(lib_a-lock.o)
                0x0000000000000918                __retarget_lock_try_acquire
 .text.__retarget_lock_try_acquire_recursive
                0x000000000000091c        0x4 /usr/bin/../lib/gcc/arm-none-eabi/7.3.1/../../../../arm-none-eabi/lib/thumb/v7e-m/fpv4-sp/hard/libg.a(lib_a-lock.o)
                0x000000000000091c                __retarget_lock_try_acquire_recursive
 .text.__retarget_lock_release
                0x0000000000000920        0x4 /usr/bin/../lib/gcc/arm-none-eabi/7.3.1/../../../../arm-none-eabi/lib/thumb/v7e-m/fpv4-sp/hard/libg.a(lib_a-lock.o)
                0x0000000000000920                __retarget_lock_release
 .text.__retarget_lock_release_recursive
                0x0000000000000924        0x4 /usr/bin/../lib/gcc/arm-none-eabi/7.3.1/../../../../arm-none-eabi/lib/thumb/v7e-m/fpv4-sp/hard/libg.a(lib_a-lock.o)
                0x0000000000000924                __retarget_lock_release_recursive
 .text.__register_exitproc
                0x0000000000000928       0xc0 /usr/bin/../lib/gcc/arm-none-eabi/7.3.1/../../../../arm-none-eabi/lib/thumb/v7e-m/fpv4-sp/hard/libg.a(lib_a-__atexit.o)
                0x0000000000000928                __register_exitproc
 .text._exit    0x00000000000009e8        0x4 /usr/bin/../lib/gcc/arm-none-eabi/7.3.1/../../../../arm-none-eabi/lib/thumb/v7e-m/fpv4-sp/hard/libnosys.a(_exit.o)
                0x00000000000009e8                _exit
                0x00000000000009ec                . = ALIGN (0x4)
 *(.ctors)
                0x00000000000009ec                . = ALIGN (0x4)
 *(.dtors)
                0x00000000000009ec                . = ALIGN (0x4)
                0x00000000000009ec                __init_array_start = .
 *(.init_array*)
 .init_array    0x00000000000009ec        0x4 /usr/bin/../lib/gcc/arm-none-eabi/7.3.1/thumb/v7e-m/fpv4-sp/hard/crtbegin.o
 .init_array.00000
                0x00000000000009f0        0x4 /usr/bin/../lib/gcc/arm-none-eabi/7.3.1/../../../../arm-none-eabi/lib/thumb/v7e-m/fpv4-sp/hard/libg.a(lib_a-__call_atexit.o)
                0x00000000000009f4                __init_array_end = .
 *(.init)
 .init          0x00000000000009f4        0x4 /usr/bin/../lib/gcc/arm-none-eabi/7.3.1/thumb/v7e-m/fpv4-sp/hard/crti.o
                0x00000000000009f4                _init
 .init          0x00000000000009f8        0x8 /usr/bin/../lib/gcc/arm-none-eabi/7.3.1/thumb/v7e-m/fpv4-sp/hard/crtn.o
 *(.fini*)
 .fini          0x0000000000000a00        0x4 /usr/bin/../lib/gcc/arm-none-eabi/7.3.1/thumb/v7e-m/fpv4-sp/hard/crti.o
                0x0000000000000a00                _fini
 .fini_array    0x0000000000000a04        0x4 /usr/bin/../lib/gcc/arm-none-eabi/7.3.1/thumb/v7e-m/fpv4-sp/hard/crtbegin.o
 .fini          0x0000000000000a08        0x8 /usr/bin/../lib/gcc/arm-none-eabi/7.3.1/thumb/v7e-m/fpv4-sp/hard/crtn.o

.glue_7         0x0000000000000a10        0x0
 .glue_7        0x0000000000000a10        0x0 linker stubs

.glue_7t        0x0000000000000a10        0x0
 .glue_7t       0x0000000000000a10        0x0 linker stubs

.vfp11_veneer   0x0000000000000a10        0x0
 .vfp11_veneer  0x0000000000000a10        0x0 linker stubs

.v4_bx          0x0000000000000a10        0x0
 .v4_bx         0x0000000000000a10        0x0 linker stubs

.iplt           0x0000000000000a10        0x0
 .iplt          0x0000000000000a10        0x0 /usr/bin/../lib/gcc/arm-none-eabi/7.3.1/thumb/v7e-m/fpv4-sp/hard/crtbegin.o

.text:Reset_Handler
                0x0000000000000a10       0x6c
 .text:Reset_Handler
                0x0000000000000a10       0x6c interrupts_msp432p401r_gcc.o
                0x0000000000000a10                Reset_Handler

.text:NMI_Handler
                0x0000000000000a7c        0xe
 .text:NMI_Handler
                0x0000000000000a7c        0xe interrupts_msp432p401r_gcc.o
                0x0000000000000a7c                NMI_Handler

.text:HardFault_Handler
                0x0000000000000a8a        0xe
 .text:HardFault_Handler
                0x0000000000000a8a        0xe interrupts_msp432p401r_gcc.o
                0x0000000000000a8a                HardFault_Handler

.text:Default_Handler
                0x0000000000000a98        0xe
 .text:Default_Handler
                0x0000000000000a98        0xe interrupts_msp432p401r_gcc.o
                0x0000000000000a98                CS_IRQHandler
                0x0000000000000a98                DebugMon_Handler
                0x0000000000000a98                AES256_IRQHandler
                0x0000000000000a98                SysTick_Handler
                0x0000000000000a98                PendSV_Handler
                0x0000000000000a98                RTC_C_IRQHandler
                0x0000000000000a98                PORT1_IRQHandler
                0x0000000000000a98                FPU_IRQHandler
                0x0000000000000a98                PORT2_IRQHandler
                0x0000000000000a98                TA3_0_IRQHandler
                0x0000000000000a98                UsageFault_Handler
                0x0000000000000a98                DMA_INT3_IRQHandler
                0x0000000000000a98                TA2_0_IRQHandler
                0x0000000000000a98                DMA_INT1_IRQHandler
                0x0000000000000a98                WDT_A_IRQHandler
                0x0000000000000a98                TA2_N_IRQHandler
                0x0000000000000a98                TA1_0_IRQHandler
                0x0000000000000a98                PSS_IRQHandler
                0x0000000000000a98                DMA_INT2_IRQHandler
                0x0000000000000a98                EUSCIA3_IRQHandler
                0x0000000000000a98                DMA_INT0_IRQHandler
                0x0000000000000a98                PORT4_IRQHandler
                0x0000000000000a98                PORT5_IRQHandler
                0x0000000000000a98                EUSCIB0_IRQHandler
                0x0000000000000a98                Default_Handler
                0x0000000000000a98                T32_INTC_IRQHandler
                0x0000000000000a98                TA3_N_IRQHandler
                0x0000000000000a98                TA0_0_IRQHandler
                0x0000000000000a98                EUSCIA2_IRQHandler
                0x0000000000000a98                PORT6_IRQHandler
                0x0000000000000a98                PORT3_IRQHandler
                0x0000000000000a98                MemManage_Handler
                0x0000000000000a98                SVC_Handler
                0x0000000000000a98                TA1_N_IRQHandler
                0x0000000000000a98                EUSCIA1_IRQHandler
                0x0000000000000a98                COMP_E1_IRQHandler
                0x0000000000000a98                EUSCIB2_IRQHandler
                0x0000000000000a98                FLCTL_IRQHandler
                0x0000000000000a98                EUSCIB3_IRQHandler
                0x0000000000000a98                T32_INT1_IRQHandler
                0x0000000000000a98                ADC14_IRQHandler
                0x0000000000000a98                DMA_ERR_IRQHandler
                0x0000000000000a98                EUSCIA0_IRQHandler
                0x0000000000000a98                BusFault_Handler
                0x0000000000000a98                PCM_IRQHandler
                0x0000000000000a98                TA0_N_IRQHandler
                0x0000000000000a98                COMP_E0_IRQHandler
                0x0000000000000a98                EUSCIB1_IRQHandler
                0x0000000000000a98                T32_INT2_IRQHandler

.rodata         0x0000000000000aa8        0x4
 *(.rodata)
 *(.rodata.*)
 .rodata._global_impure_ptr
                0x0000000000000aa8        0x4 /usr/bin/../lib/gcc/arm-none-eabi/7.3.1/../../../../arm-none-eabi/lib/thumb/v7e-m/fpv4-sp/hard/libg.a(lib_a-impure.o)
                0x0000000000000aa8                _global_impure_ptr

.eh_frame       0x0000000000000aac        0x4
 .eh_frame      0x0000000000000aac        0x0 /usr/bin/../lib/gcc/arm-none-eabi/7.3.1/thumb/v7e-m/fpv4-sp/hard/crtbegin.o
 .eh_frame      0x0000000000000aac        0x4 /usr/bin/../lib/gcc/arm-none-eabi/7.3.1/thumb/v7e-m/fpv4-sp/hard/crtend.o

.ARM.exidx      0x0000000000000ab0        0x8
                0x0000000000000ab0                __exidx_start = .
 *(.ARM.exidx* .gnu.linkonce.armexidx.*)
 .ARM.exidx     0x0000000000000ab0        0x8 /usr/bin/../lib/gcc/arm-none-eabi/7.3.1/../../../../arm-none-eabi/lib/thumb/v7e-m/fpv4-sp/hard/crt0.o
                0x0000000000000ab8                __exidx_end = .

.ARM.extab      0x0000000000000ab8        0x0
 *(.ARM.extab* .gnu.linkonce.armextab.*)
 .ARM.extab     0x0000000000000ab8        0x0 /usr/bin/../lib/gcc/arm-none-eabi/7.3.1/../../../../arm-none-eabi/lib/thumb/v7e-m/fpv4-sp/hard/crt0.o
                0x0000000000000ab8                __etext = .

.rel.dyn        0x0000000000000ab8        0x0
 .rel.iplt      0x0000000000000ab8        0x0 /usr/bin/../lib/gcc/arm-none-eabi/7.3.1/thumb/v7e-m/fpv4-sp/hard/crtbegin.o

.data           0x0000000020000000      0x43c load address 0x0000000000000ab8
                0x0000000000000ab8                __data_load__ = LOADADDR (.data)
                0x0000000020000000                __data_start__ = .
 *(.data)
 .data          0x0000000020000000        0x0 /usr/bin/../lib/gcc/arm-none-eabi/7.3.1/thumb/v7e-m/fpv4-sp/hard/crti.o
 .data          0x0000000020000000        0x4 /usr/bin/../lib/gcc/arm-none-eabi/7.3.1/thumb/v7e-m/fpv4-sp/hard/crtbegin.o
                0x0000000020000000                __dso_handle
 .data          0x0000000020000004        0x0 /usr/bin/../lib/gcc/arm-none-eabi/7.3.1/../../../../arm-none-eabi/lib/thumb/v7e-m/fpv4-sp/hard/crt0.o
 .data          0x0000000020000004        0x0 interrupts_msp432p401r_gcc.o
 .data          0x0000000020000004        0x0 main.o
 .data          0x0000000020000004        0x0 memory.o
 .data          0x0000000020000004        0x0 startup_msp432p401r_gcc.o
 .data          0x0000000020000004        0x4 system_msp432p401r.o
                0x0000000020000004                SystemCoreClock
 .data          0x0000000020000008        0x0 /usr/bin/../lib/gcc/arm-none-eabi/7.3.1/../../../../arm-none-eabi/lib/thumb/v7e-m/fpv4-sp/hard/libg.a(lib_a-exit.o)
 .data          0x0000000020000008        0x0 /usr/bin/../lib/gcc/arm-none-eabi/7.3.1/../../../../arm-none-eabi/lib/thumb/v7e-m/fpv4-sp/hard/libg.a(lib_a-impure.o)
 .data          0x0000000020000008        0x0 /usr/bin/../lib/gcc/arm-none-eabi/7.3.1/../../../../arm-none-eabi/lib/thumb/v7e-m/fpv4-sp/hard/libg.a(lib_a-init.o)
 .data          0x0000000020000008        0x0 /usr/bin/../lib/gcc/arm-none-eabi/7.3.1/../../../../arm-none-eabi/lib/thumb/v7e-m/fpv4-sp/hard/libg.a(lib_a-memset.o)
 .data          0x0000000020000008        0x0 /usr/bin/../lib/gcc/arm-none-eabi/7.3.1/../../../../arm-none-eabi/lib/thumb/v7e-m/fpv4-sp/hard/libg.a(lib_a-__call_atexit.o)
 .data          0x0000000020000008        0x0 /usr/bin/../lib/gcc/arm-none-eabi/7.3.1/../../../../arm-none-eabi/lib/thumb/v7e-m/fpv4-sp/hard/libg.a(lib_a-atexit.o)
 .data          0x0000000020000008        0x0 /usr/bin/../lib/gcc/arm-none-eabi/7.3.1/../../../../arm-none-eabi/lib/thumb/v7e-m/fpv4-sp/hard/libg.a(lib_a-fini.o)
 .data          0x0000000020000008        0x0 /usr/bin/../lib/gcc/arm-none-eabi/7.3.1/../../../../arm-none-eabi/lib/thumb/v7e-m/fpv4-sp/hard/libg.a(lib_a-lock.o)
 .data          0x0000000020000008        0x0 /usr/bin/../lib/gcc/arm-none-eabi/7.3.1/../../../../arm-none-eabi/lib/thumb/v7e-m/fpv4-sp/hard/libg.a(lib_a-__atexit.o)
 .data          0x0000000020000008        0x0 /usr/bin/../lib/gcc/arm-none-eabi/7.3.1/../../../../arm-none-eabi/lib/thumb/v7e-m/fpv4-sp/hard/libnosys.a(_exit.o)
 .data          0x0000000020000008        0x0 /usr/bin/../lib/gcc/arm-none-eabi/7.3.1/thumb/v7e-m/fpv4-sp/hard/crtend.o
 .data          0x0000000020000008        0x0 /usr/bin/../lib/gcc/arm-none-eabi/7.3.1/thumb/v7e-m/fpv4-sp/hard/crtn.o
 *(.data*)
 .data._impure_ptr
                0x0000000020000008        0x4 /usr/bin/../lib/gcc/arm-none-eabi/7.3.1/../../../../arm-none-eabi/lib/thumb/v7e-m/fpv4-sp/hard/libg.a(lib_a-impure.o)
                0x0000000020000008                _impure_ptr
 *fill*         0x000000002000000c        0x4 
 .data.impure_data
                0x0000000020000010      0x428 /usr/bin/../lib/gcc/arm-none-eabi/7.3.1/../../../../arm-none-eabi/lib/thumb/v7e-m/fpv4-sp/hard/libg.a(lib_a-impure.o)
 .data.__atexit_recursive_mutex
                0x0000000020000438        0x4 /usr/bin/../lib/gcc/arm-none-eabi/7.3.1/../../../../arm-none-eabi/lib/thumb/v7e-m/fpv4-sp/hard/libg.a(lib_a-__call_atexit.o)
                0x0000000020000438                __atexit_recursive_mutex
                0x000000002000043c                . = ALIGN (0x4)
                0x000000002000043c                __data_end__ = .

.igot.plt       0x000000002000043c        0x0 load address 0x0000000000000ef4
 .igot.plt      0x000000002000043c        0x0 /usr/bin/../lib/gcc/arm-none-eabi/7.3.1/thumb/v7e-m/fpv4-sp/hard/crtbegin.o

.bss            0x000000002000043c       0x4c
                0x000000002000043c                __bss_start__ = .
 *(.shbss)
 *(.bss)
 .bss           0x000000002000043c        0x0 /usr/bin/../lib/gcc/arm-none-eabi/7.3.1/thumb/v7e-m/fpv4-sp/hard/crti.o
 .bss           0x000000002000043c       0x1c /usr/bin/../lib/gcc/arm-none-eabi/7.3.1/thumb/v7e-m/fpv4-sp/hard/crtbegin.o
 .bss           0x0000000020000458        0x0 /usr/bin/../lib/gcc/arm-none-eabi/7.3.1/../../../../arm-none-eabi/lib/thumb/v7e-m/fpv4-sp/hard/crt0.o
 .bss           0x0000000020000458        0x0 interrupts_msp432p401r_gcc.o
 .bss           0x0000000020000458        0x0 main.o
 .bss           0x0000000020000458        0x0 memory.o
 .bss           0x0000000020000458        0x0 startup_msp432p401r_gcc.o
 .bss           0x0000000020000458        0x0 system_msp432p401r.o
 .bss           0x0000000020000458        0x0 /usr/bin/../lib/gcc/arm-none-eabi/7.3.1/../../../../arm-none-eabi/lib/thumb/v7e-m/fpv4-sp/hard/libg.a(lib_a-exit.o)
 .bss           0x0000000020000458        0x0 /usr/bin/../lib/gcc/arm-none-eabi/7.3.1/../../../../arm-none-eabi/lib/thumb/v7e-m/fpv4-sp/hard/libg.a(lib_a-impure.o)
 .bss           0x0000000020000458        0x0 /usr/bin/../lib/gcc/arm-none-eabi/7.3.1/../../../../arm-none-eabi/lib/thumb/v7e-m/fpv4-sp/hard/libg.a(lib_a-init.o)
 .bss           0x0000000020000458        0x0 /usr/bin/../lib/gcc/arm-none-eabi/7.3.1/../../../../arm-none-eabi/lib/thumb/v7e-m/fpv4-sp/hard/libg.a(lib_a-memset.o)
 .bss           0x0000000020000458        0x0 /usr/bin/../lib/gcc/arm-none-eabi/7.3.1/../../../../arm-none-eabi/lib/thumb/v7e-m/fpv4-sp/hard/libg.a(lib_a-__call_atexit.o)
 .bss           0x0000000020000458        0x0 /usr/bin/../lib/gcc/arm-none-eabi/7.3.1/../../../../arm-none-eabi/lib/thumb/v7e-m/fpv4-sp/hard/libg.a(lib_a-atexit.o)
 .bss           0x0000000020000458        0x0 /usr/bin/../lib/gcc/arm-none-eabi/7.3.1/../../../../arm-none-eabi/lib/thumb/v7e-m/fpv4-sp/hard/libg.a(lib_a-fini.o)
 .bss           0x0000000020000458        0x0 /usr/bin/../lib/gcc/arm-none-eabi/7.3.1/../../../../arm-none-eabi/lib/thumb/v7e-m/fpv4-sp/hard/libg.a(lib_a-lock.o)
 .bss           0x0000000020000458        0x0 /usr/bin/../lib/gcc/arm-none-eabi/7.3.1/../../../../arm-none-eabi/lib/thumb/v7e-m/fpv4-sp/hard/libg.a(lib_a-__atexit.o)
 .bss           0x0000000020000458        0x0 /usr/bin/../lib/gcc/arm-none-eabi/7.3.1/../../../../arm-none-eabi/lib/thumb/v7e-m/fpv4-sp/hard/libnosys.a(_exit.o)
 .bss           0x0000000020000458        0x0 /usr/bin/../lib/gcc/arm-none-eabi/7.3.1/thumb/v7e-m/fpv4-sp/hard/crtend.o
 .bss           0x0000000020000458        0x0 /usr/bin/../lib/gcc/arm-none-eabi/7.3.1/thumb/v7e-m/fpv4-sp/hard/crtn.o
 *(.bss.*)
 *(COMMON)
 COMMON         0x0000000020000458        0xa main.o
                0x0000000020000458                buffer
 *fill*         0x0000000020000462        0x2 
 COMMON         0x0000000020000464       0x21 /usr/bin/../lib/gcc/arm-none-eabi/7.3.1/../../../../arm-none-eabi/lib/thumb/v7e-m/fpv4-sp/hard/libg.a(lib_a-lock.o)
                0x0000000020000464                __lock___atexit_recursive_mutex
                0x0000000020000468                __lock___arc4random_mutex
                0x000000002000046c                __lock___env_recursive_mutex
                0x0000000020000470                __lock___sinit_recursive_mutex
                0x0000000020000474                __lock___malloc_recursive_mutex
                0x0000000020000478                __lock___at_quick_exit_mutex
                0x000000002000047c                __lock___dd_hash_mutex
                0x0000000020000480                __lock___tz_mutex
                0x0000000020000484                __lock___sfp_recursive_mutex
                0x0000000020000488                . = ALIGN (0x4)
 *fill*         0x0000000020000485        0x3 
                0x0000000020000488                __bss_end__ = .

.heap           0x0000000020000488        0x0
                0x0000000020000488                __heap_start__ = .
                0x0000000020000488                end = __heap_start__
                0x0000000020000488                _end = end
                0x0000000020000488                __end = end
 *(.heap)
                0x0000000020000488                __heap_end__ = .
                0x0000000020000488                __HeapLimit = __heap_end__

.stack          0x0000000020000488        0x0
                0x0000000020000488                _stack = .
                0x0000000020000488                __stack = .
 *(.stack)
OUTPUT(c1m2.out elf32-littlearm)

.ARM.attributes
                0x0000000000000000       0x30
 .ARM.attributes
                0x0000000000000000       0x22 /usr/bin/../lib/gcc/arm-none-eabi/7.3.1/thumb/v7e-m/fpv4-sp/hard/crti.o
 .ARM.attributes
                0x0000000000000022       0x34 /usr/bin/../lib/gcc/arm-none-eabi/7.3.1/thumb/v7e-m/fpv4-sp/hard/crtbegin.o
 .ARM.attributes
                0x0000000000000056       0x20 /usr/bin/../lib/gcc/arm-none-eabi/7.3.1/../../../../arm-none-eabi/lib/thumb/v7e-m/fpv4-sp/hard/crt0.o
 .ARM.attributes
                0x0000000000000076       0x39 interrupts_msp432p401r_gcc.o
 .ARM.attributes
                0x00000000000000af       0x39 main.o
 .ARM.attributes
                0x00000000000000e8       0x39 memory.o
 .ARM.attributes
                0x0000000000000121       0x39 startup_msp432p401r_gcc.o
 .ARM.attributes
                0x000000000000015a       0x39 system_msp432p401r.o
 .ARM.attributes
                0x0000000000000193       0x34 /usr/bin/../lib/gcc/arm-none-eabi/7.3.1/../../../../arm-none-eabi/lib/thumb/v7e-m/fpv4-sp/hard/libg.a(lib_a-exit.o)
 .ARM.attributes
                0x00000000000001c7       0x34 /usr/bin/../lib/gcc/arm-none-eabi/7.3.1/../../../../arm-none-eabi/lib/thumb/v7e-m/fpv4-sp/hard/libg.a(lib_a-impure.o)
 .ARM.attributes
                0x00000000000001fb       0x34 /usr/bin/../lib/gcc/arm-none-eabi/7.3.1/../../../../arm-none-eabi/lib/thumb/v7e-m/fpv4-sp/hard/libg.a(lib_a-init.o)
 .ARM.attributes
                0x000000000000022f       0x34 /usr/bin/../lib/gcc/arm-none-eabi/7.3.1/../../../../arm-none-eabi/lib/thumb/v7e-m/fpv4-sp/hard/libg.a(lib_a-memset.o)
 .ARM.attributes
                0x0000000000000263       0x34 /usr/bin/../lib/gcc/arm-none-eabi/7.3.1/../../../../arm-none-eabi/lib/thumb/v7e-m/fpv4-sp/hard/libg.a(lib_a-__call_atexit.o)
 .ARM.attributes
                0x0000000000000297       0x34 /usr/bin/../lib/gcc/arm-none-eabi/7.3.1/../../../../arm-none-eabi/lib/thumb/v7e-m/fpv4-sp/hard/libg.a(lib_a-atexit.o)
 .ARM.attributes
                0x00000000000002cb       0x34 /usr/bin/../lib/gcc/arm-none-eabi/7.3.1/../../../../arm-none-eabi/lib/thumb/v7e-m/fpv4-sp/hard/libg.a(lib_a-fini.o)
 .ARM.attributes
                0x00000000000002ff       0x34 /usr/bin/../lib/gcc/arm-none-eabi/7.3.1/../../../../arm-none-eabi/lib/thumb/v7e-m/fpv4-sp/hard/libg.a(lib_a-lock.o)
 .ARM.attributes
                0x0000000000000333       0x34 /usr/bin/../lib/gcc/arm-none-eabi/7.3.1/../../../../arm-none-eabi/lib/thumb/v7e-m/fpv4-sp/hard/libg.a(lib_a-__atexit.o)
 .ARM.attributes
                0x0000000000000367       0x34 /usr/bin/../lib/gcc/arm-none-eabi/7.3.1/../../../../arm-none-eabi/lib/thumb/v7e-m/fpv4-sp/hard/libnosys.a(_exit.o)
 .ARM.attributes
                0x000000000000039b       0x34 /usr/bin/../lib/gcc/arm-none-eabi/7.3.1/thumb/v7e-m/fpv4-sp/hard/crtend.o
 .ARM.attributes
                0x00000000000003cf       0x22 /usr/bin/../lib/gcc/arm-none-eabi/7.3.1/thumb/v7e-m/fpv4-sp/hard/crtn.o

.comment        0x0000000000000000       0x7f
 .comment       0x0000000000000000       0x7f interrupts_msp432p401r_gcc.o
                                         0x80 (size before relaxing)
 .comment       0x000000000000007f       0x80 main.o
 .comment       0x000000000000007f       0x80 memory.o
 .comment       0x000000000000007f       0x80 startup_msp432p401r_gcc.o
 .comment       0x000000000000007f       0x80 system_msp432p401r.o

.debug_info     0x0000000000000000     0x112e
 .debug_info    0x0000000000000000      0x10e interrupts_msp432p401r_gcc.o
 .debug_info    0x000000000000010e      0x10c main.o
 .debug_info    0x000000000000021a      0x15c memory.o
 .debug_info    0x0000000000000376       0xac startup_msp432p401r_gcc.o
 .debug_info    0x0000000000000422      0xd0c system_msp432p401r.o

.debug_abbrev   0x0000000000000000      0x378
 .debug_abbrev  0x0000000000000000       0x92 interrupts_msp432p401r_gcc.o
 .debug_abbrev  0x0000000000000092       0xbb main.o
 .debug_abbrev  0x000000000000014d       0xa3 memory.o
 .debug_abbrev  0x00000000000001f0       0x6d startup_msp432p401r_gcc.o
 .debug_abbrev  0x000000000000025d      0x11b system_msp432p401r.o

.debug_aranges  0x0000000000000000       0xb0
 .debug_aranges
                0x0000000000000000       0x38 interrupts_msp432p401r_gcc.o
 .debug_aranges
                0x0000000000000038       0x20 main.o
 .debug_aranges
                0x0000000000000058       0x20 memory.o
 .debug_aranges
                0x0000000000000078       0x18 startup_msp432p401r_gcc.o
 .debug_aranges
                0x0000000000000090       0x20 system_msp432p401r.o

.debug_ranges   0x0000000000000000       0x28
 .debug_ranges  0x0000000000000000       0x28 interrupts_msp432p401r_gcc.o

.debug_line     0x0000000000000000      0x465
 .debug_line    0x0000000000000000       0xfc interrupts_msp432p401r_gcc.o
 .debug_line    0x00000000000000fc       0xfd main.o
 .debug_line    0x00000000000001f9       0x57 memory.o
 .debug_line    0x0000000000000250       0x9d startup_msp432p401r_gcc.o
 .debug_line    0x00000000000002ed      0x178 system_msp432p401r.o

.debug_str      0x0000000000000000      0xb4d
 .debug_str     0x0000000000000000      0x1d2 interrupts_msp432p401r_gcc.o
                                        0x20f (size before relaxing)
 .debug_str     0x00000000000001d2       0x3a main.o
                                        0x1c6 (size before relaxing)
 .debug_str     0x000000000000020c       0x46 memory.o
                                        0x13f (size before relaxing)
 .debug_str     0x0000000000000252       0x2b startup_msp432p401r_gcc.o
                                        0x1a4 (size before relaxing)
 .debug_str     0x000000000000027d      0x8d0 system_msp432p401r.o
                                        0xaa3 (size before relaxing)

.debug_frame    0x0000000000000000      0x438
 .debug_frame   0x0000000000000000       0xa0 interrupts_msp432p401r_gcc.o
 .debug_frame   0x00000000000000a0       0x34 main.o
 .debug_frame   0x00000000000000d4       0xcc memory.o
 .debug_frame   0x00000000000001a0       0x58 system_msp432p401r.o
 .debug_frame   0x00000000000001f8       0x28 /usr/bin/../lib/gcc/arm-none-eabi/7.3.1/../../../../arm-none-eabi/lib/thumb/v7e-m/fpv4-sp/hard/libg.a(lib_a-exit.o)
 .debug_frame   0x0000000000000220       0x2c /usr/bin/../lib/gcc/arm-none-eabi/7.3.1/../../../../arm-none-eabi/lib/thumb/v7e-m/fpv4-sp/hard/libg.a(lib_a-init.o)
 .debug_frame   0x000000000000024c       0x38 /usr/bin/../lib/gcc/arm-none-eabi/7.3.1/../../../../arm-none-eabi/lib/thumb/v7e-m/fpv4-sp/hard/libg.a(lib_a-memset.o)
 .debug_frame   0x0000000000000284       0x5c /usr/bin/../lib/gcc/arm-none-eabi/7.3.1/../../../../arm-none-eabi/lib/thumb/v7e-m/fpv4-sp/hard/libg.a(lib_a-__call_atexit.o)
 .debug_frame   0x00000000000002e0       0x20 /usr/bin/../lib/gcc/arm-none-eabi/7.3.1/../../../../arm-none-eabi/lib/thumb/v7e-m/fpv4-sp/hard/libg.a(lib_a-atexit.o)
 .debug_frame   0x0000000000000300       0x34 /usr/bin/../lib/gcc/arm-none-eabi/7.3.1/../../../../arm-none-eabi/lib/thumb/v7e-m/fpv4-sp/hard/libg.a(lib_a-fini.o)
 .debug_frame   0x0000000000000334       0xb0 /usr/bin/../lib/gcc/arm-none-eabi/7.3.1/../../../../arm-none-eabi/lib/thumb/v7e-m/fpv4-sp/hard/libg.a(lib_a-lock.o)
 .debug_frame   0x00000000000003e4       0x34 /usr/bin/../lib/gcc/arm-none-eabi/7.3.1/../../../../arm-none-eabi/lib/thumb/v7e-m/fpv4-sp/hard/libg.a(lib_a-__atexit.o)
 .debug_frame   0x0000000000000418       0x20 /usr/bin/../lib/gcc/arm-none-eabi/7.3.1/../../../../arm-none-eabi/lib/thumb/v7e-m/fpv4-sp/hard/libnosys.a(_exit.o)
